[-2.4544  -2.28809 -2.2546  -2.645   -2.7897  -2.62201 -2.68118 -2.93731
 -2.89048]
