signal output:
[[[0.5568 0.862  0.0993 0.1481 0.3449 0.7114 0.5499 1.0058 0.5112 0.7095]]]
