[-7.63033e+00 -6.76347e+00 -5.86230e+00 -4.93139e+00 -3.97547e+00
 -2.99939e+00 -2.00808e+00 -1.00659e+00 -7.76099e-13]
